{
  "means": {
    "direct": {
      "step_ns": 102.46413303333333,
      "forward_ns": 43.62320387333333,
      "backward_ns": 57.885377383333335,
      "optimizer_and_drain_ns": 0.9555517766666667,
      "wait_ns": 0.0,
      "migration_ns": 0.0,
      "bind_ns": 0.0,
      "prepare_ns": 0.0,
      "syscall_ns": 0.0,
      "status_ns": 0.0,
      "moved_MiB": 0.0,
      "late": 0
    },
    "ranked": {
      "step_ns": 140.99503281333332,
      "forward_ns": 78.33307979333333,
      "backward_ns": 61.50932136666667,
      "optimizer_and_drain_ns": 1.1526316533333332,
      "wait_ns": 0.04489043,
      "migration_ns": 53.38329155333333,
      "bind_ns": 0.0,
      "prepare_ns": 0.0,
      "syscall_ns": 0.0,
      "status_ns": 0.0,
      "moved_MiB": 32.0,
      "late": 0
    },
    "noop": {
      "step_ns": 103.77451157,
      "forward_ns": 44.369903126666664,
      "backward_ns": 58.476047726666664,
      "optimizer_and_drain_ns": 0.9285607166666667,
      "wait_ns": 0.04681014666666667,
      "migration_ns": 0.0,
      "bind_ns": 0.0,
      "prepare_ns": 0.0,
      "syscall_ns": 0.0,
      "status_ns": 0.0,
      "moved_MiB": 0.0,
      "late": 0
    },
    "prepare": {
      "step_ns": 110.54253580666666,
      "forward_ns": 50.2468966,
      "backward_ns": 59.335535963333335,
      "optimizer_and_drain_ns": 0.9601032433333333,
      "wait_ns": 0.04661829666666666,
      "migration_ns": 0.0,
      "bind_ns": 0.0,
      "prepare_ns": 5.831663473333333,
      "syscall_ns": 0.0,
      "status_ns": 0.0,
      "moved_MiB": 0.0,
      "late": 0
    },
    "real": {
      "step_ns": 140.52219319,
      "forward_ns": 76.828189,
      "backward_ns": 62.50046167666667,
      "optimizer_and_drain_ns": 1.1935425133333333,
      "wait_ns": 0.04502470333333334,
      "migration_ns": 51.814396083333335,
      "bind_ns": 0.5966000266666667,
      "prepare_ns": 5.627019406666667,
      "syscall_ns": 45.046010196666664,
      "status_ns": 0.5300307833333333,
      "moved_MiB": 32.0,
      "late": 0
    }
  },
  "step_contrasts": {
    "noop-direct": {
      "mean": 1.310378536666666,
      "ci95": [
        -6.457064628110856,
        9.077821701444188
      ],
      "values": [
        -1.6866688899999929,
        1.0652674199999979,
        4.552537079999993
      ]
    },
    "prepare-noop": {
      "mean": 6.768024236666672,
      "ci95": [
        5.016359609548545,
        8.519688863784797
      ],
      "values": [
        7.04949757,
        5.965621600000006,
        7.2889535400000085
      ]
    },
    "real-prepare": {
      "mean": 29.979657383333336,
      "ci95": [
        23.34643572774316,
        36.61287903892351
      ],
      "values": [
        26.95157212000001,
        31.996848700000015,
        30.990551329999988
      ]
    },
    "real-ranked": {
      "mean": -0.472839623333319,
      "ci95": [
        -4.662950079563273,
        3.717270832896635
      ],
      "values": [
        -0.387195179999992,
        -2.200776779999984,
        1.1694530900000188
      ]
    },
    "ranked-direct": {
      "mean": 38.53089977999999,
      "ci95": [
        25.978580624354205,
        51.083218935645775
      ],
      "values": [
        32.70159598000001,
        41.2285145,
        41.66258885999997
      ]
    }
  }
}
